[Tue May  5 16:38:40 CEST 2026] Build succeeded
[Tue May  5 16:38:47 CEST 2026] Build succeeded
[Tue May  5 16:38:55 CEST 2026] Build succeeded
[Tue May  5 16:39:04 CEST 2026] Build succeeded
[Tue May  5 16:39:17 CEST 2026] Build succeeded
[Tue May  5 16:39:36 CEST 2026] Build succeeded
[Tue May  5 16:39:54 CEST 2026] Build succeeded
[Tue May  5 16:39:56 CEST 2026] Build succeeded
[Tue May  5 16:40:10 CEST 2026] Build succeeded
[Tue May  5 16:40:18 CEST 2026] Build succeeded
[Tue May  5 16:42:03 CEST 2026] Build succeeded
[Tue May  5 16:44:46 CEST 2026] Build succeeded
[Tue May  5 16:49:59 CEST 2026] Build succeeded
[Tue May  5 16:50:32 CEST 2026] Build succeeded
[Tue May  5 16:53:12 CEST 2026] Build succeeded
[Tue May  5 16:53:15 CEST 2026] Build succeeded
[Tue May  5 17:03:15 CEST 2026] Build succeeded
[Tue May  5 17:03:54 CEST 2026] Build succeeded
[Tue May  5 17:04:17 CEST 2026] Build succeeded
[Tue May  5 17:16:21 CEST 2026] Build succeeded
[Tue May  5 17:16:27 CEST 2026] Build succeeded
[Tue May  5 17:17:25 CEST 2026] Build succeeded
[Tue May  5 17:19:38 CEST 2026] Build succeeded
[Tue May  5 17:22:48 CEST 2026] Build succeeded
[Tue May  5 17:38:23 CEST 2026] Build succeeded
[Tue May  5 17:38:34 CEST 2026] Build succeeded
[Tue May  5 17:38:59 CEST 2026] Build succeeded
[Tue May  5 17:39:19 CEST 2026] Build succeeded
[Tue May  5 17:42:19 CEST 2026] Build failed, aux files cleaned
[Tue May  5 17:42:20 CEST 2026] Build failed, aux files cleaned
[Tue May  5 17:42:25 CEST 2026] Build failed, aux files cleaned
[Tue May  5 17:42:26 CEST 2026] Build failed, aux files cleaned
[Tue May  5 17:42:40 CEST 2026] Build failed, aux files cleaned
[Tue May  5 17:42:40 CEST 2026] Build failed, aux files cleaned
[Tue May  5 17:43:43 CEST 2026] Build succeeded
[Tue May  5 17:46:00 CEST 2026] Build succeeded
[Tue May  5 17:48:52 CEST 2026] Build succeeded
[Tue May  5 17:49:32 CEST 2026] Build succeeded
[Tue May  5 17:52:32 CEST 2026] Build succeeded
[Tue May  5 17:52:40 CEST 2026] Build succeeded
[Tue May  5 17:53:14 CEST 2026] Build succeeded
[Tue May  5 17:56:54 CEST 2026] Build succeeded
[Tue May  5 17:57:19 CEST 2026] Build succeeded
[Tue May  5 17:58:29 CEST 2026] Build succeeded
[Tue May  5 17:59:07 CEST 2026] Build succeeded
[Tue May  5 18:00:00 CEST 2026] Build succeeded
[Tue May  5 18:00:04 CEST 2026] Build succeeded
[Tue May  5 18:02:00 CEST 2026] Build failed, aux files cleaned
[Tue May  5 18:02:01 CEST 2026] Build failed, aux files cleaned
[Tue May  5 18:02:09 CEST 2026] Build succeeded
[Tue May  5 18:02:15 CEST 2026] Build succeeded
[Tue May  5 18:02:24 CEST 2026] Build succeeded
[Tue May  5 18:03:20 CEST 2026] Build succeeded
[Tue May  5 18:04:38 CEST 2026] Build succeeded
[Tue May  5 18:05:18 CEST 2026] Build succeeded
[Tue May  5 18:05:27 CEST 2026] Build succeeded
[Fri May 15 11:50:49 CEST 2026] Build succeeded
[Mon Jun 29 21:53:37 CEST 2026] Build succeeded
[Mon Jun 29 21:53:53 CEST 2026] Build succeeded
